// Jest Snapshot v1, https://goo.gl/fbAQLP

exports[`creates an entity 1`] = `
"{
  \\"__isSyndicateEntity__\\": true,
  \\"parentIndex\\": -1,
  \\"parentId\\": null,
  \\"index\\": -1,
  \\"id\\": \\"1\\",
  \\"data\\": {},
  \\"childrenIndices\\": [],
  \\"childrenIds\\": []
}"
`;
